main.c:99:6:HAL_UART_RxCpltCallback	72	static
main.c:121:6:HAL_GPIO_EXTI_Callback	16	static
main.c:146:6:HAL_TIM_PeriodElapsedCallback	16	static
main.c:184:5:main	32	static
main.c:391:6:SystemClock_Config	232	static
main.c:469:13:MX_DFSDM1_Init	8	static
main.c:507:13:MX_I2C2_Init	8	static
main.c:553:13:MX_QUADSPI_Init	8	static
main.c:586:13:MX_SPI3_Init	8	static
main.c:626:13:MX_TIM2_Init	40	static
main.c:671:13:MX_TIM3_Init	64	static
main.c:730:13:MX_TIM4_Init	64	static
main.c:789:13:MX_TIM5_Init	48	static
main.c:838:13:MX_TIM17_Init	80	static
main.c:900:13:MX_USART1_UART_Init	8	static
main.c:935:13:MX_USART2_UART_Init	8	static
main.c:970:13:MX_USART3_UART_Init	8	static
main.c:1005:13:MX_USB_OTG_FS_PCD_Init	8	static
main.c:1040:13:MX_GPIO_Init	48	static
main.c:1201:6:Error_Handler	4	static,ignoring_inline_asm
