main.c:89:6:HAL_GPIO_EXTI_Callback	16	static
main.c:114:6:HAL_TIM_PeriodElapsedCallback	16	static
main.c:151:5:main	32	static
main.c:310:6:SystemClock_Config	232	static
main.c:387:13:MX_DFSDM1_Init	8	static
main.c:425:13:MX_I2C2_Init	8	static
main.c:471:13:MX_QUADSPI_Init	8	static
main.c:504:13:MX_SPI3_Init	8	static
main.c:544:13:MX_TIM2_Init	40	static
main.c:589:13:MX_TIM3_Init	64	static
main.c:648:13:MX_TIM4_Init	64	static
main.c:707:13:MX_TIM5_Init	48	static
main.c:756:13:MX_TIM17_Init	80	static
main.c:818:13:MX_USART1_UART_Init	8	static
main.c:853:13:MX_USART3_UART_Init	8	static
main.c:888:13:MX_USB_OTG_FS_PCD_Init	8	static
main.c:923:13:MX_GPIO_Init	48	static
main.c:1092:6:Error_Handler	4	static,ignoring_inline_asm
